1740737386.779004 client started (10881): version 3.5a, socket /private/tmp/tmux-501/default, protocol 8
1740737386.779060 on Darwin 24.3.0 Darwin Kernel Version 24.3.0: Thu Jan  2 20:22:58 PST 2025; root:xnu-11215.81.4~3/RELEASE_ARM64_T8132
1740737386.779075 using libevent 2.1.12-stable select
1740737386.779331 using utf8proc 2.9.0
1740737386.779342 using ncurses 6.5 20240427
1740737386.779362 flags are 0x10010000
1740737386.779369 socket is /private/tmp/tmux-501/default
1740737386.779385 trying connect
1740737386.779446 add peer 0x110008000: 6 (0x0)
1740737386.784278 sending message 111 to peer 0x110008000 (8 bytes)
1740737386.784309 sending message 111 to peer 0x110008000 (8 bytes)
1740737386.784320 sending message 101 to peer 0x110008000 (14 bytes)
1740737386.784327 sending message 109 to peer 0x110008000 (4 bytes)
1740737386.784334 sending message 102 to peer 0x110008000 (13 bytes)
1740737386.784340 sending message 108 to peer 0x110008000 (25 bytes)
1740737386.784346 sending message 112 to peer 0x110008000 (70 bytes)
1740737386.784352 sending message 112 to peer 0x110008000 (5 bytes)
1740737386.784357 sending message 112 to peer 0x110008000 (5 bytes)
1740737386.784363 sending message 112 to peer 0x110008000 (6 bytes)
1740737386.784368 sending message 112 to peer 0x110008000 (6 bytes)
1740737386.784374 sending message 112 to peer 0x110008000 (11 bytes)
1740737386.784379 sending message 112 to peer 0x110008000 (10 bytes)
1740737386.784385 sending message 112 to peer 0x110008000 (13 bytes)
1740737386.784390 sending message 112 to peer 0x110008000 (13 bytes)
1740737386.784396 sending message 112 to peer 0x110008000 (18 bytes)
1740737386.784402 sending message 112 to peer 0x110008000 (11 bytes)
1740737386.784408 sending message 112 to peer 0x110008000 (10 bytes)
1740737386.784413 sending message 112 to peer 0x110008000 (15 bytes)
1740737386.784419 sending message 112 to peer 0x110008000 (21 bytes)
1740737386.784425 sending message 112 to peer 0x110008000 (13 bytes)
1740737386.784430 sending message 112 to peer 0x110008000 (7 bytes)
1740737386.784436 sending message 112 to peer 0x110008000 (13 bytes)
1740737386.784441 sending message 112 to peer 0x110008000 (7 bytes)
1740737386.784447 sending message 112 to peer 0x110008000 (13 bytes)
1740737386.784452 sending message 112 to peer 0x110008000 (9 bytes)
1740737386.784458 sending message 112 to peer 0x110008000 (21 bytes)
1740737386.784463 sending message 112 to peer 0x110008000 (13 bytes)
1740737386.784469 sending message 112 to peer 0x110008000 (8 bytes)
1740737386.784474 sending message 112 to peer 0x110008000 (12 bytes)
1740737386.784479 sending message 112 to peer 0x110008000 (13 bytes)
1740737386.784485 sending message 112 to peer 0x110008000 (9 bytes)
1740737386.784490 sending message 112 to peer 0x110008000 (9 bytes)
1740737386.784496 sending message 112 to peer 0x110008000 (12 bytes)
1740737386.784501 sending message 112 to peer 0x110008000 (8 bytes)
1740737386.784507 sending message 112 to peer 0x110008000 (8 bytes)
1740737386.784513 sending message 112 to peer 0x110008000 (7 bytes)
1740737386.784519 sending message 112 to peer 0x110008000 (7 bytes)
1740737386.784524 sending message 112 to peer 0x110008000 (9 bytes)
1740737386.784530 sending message 112 to peer 0x110008000 (13 bytes)
1740737386.784535 sending message 112 to peer 0x110008000 (6 bytes)
1740737386.784541 sending message 112 to peer 0x110008000 (9 bytes)
1740737386.784546 sending message 112 to peer 0x110008000 (15 bytes)
1740737386.784552 sending message 112 to peer 0x110008000 (13 bytes)
1740737386.784557 sending message 112 to peer 0x110008000 (12 bytes)
1740737386.784563 sending message 112 to peer 0x110008000 (8 bytes)
1740737386.784568 sending message 112 to peer 0x110008000 (14 bytes)
1740737386.784574 sending message 112 to peer 0x110008000 (11 bytes)
1740737386.784579 sending message 112 to peer 0x110008000 (9 bytes)
1740737386.784585 sending message 112 to peer 0x110008000 (10 bytes)
1740737386.784590 sending message 112 to peer 0x110008000 (10 bytes)
1740737386.784595 sending message 112 to peer 0x110008000 (10 bytes)
1740737386.784623 sending message 112 to peer 0x110008000 (10 bytes)
1740737386.784628 sending message 112 to peer 0x110008000 (11 bytes)
1740737386.784632 sending message 112 to peer 0x110008000 (12 bytes)
1740737386.784636 sending message 112 to peer 0x110008000 (12 bytes)
1740737386.784640 sending message 112 to peer 0x110008000 (12 bytes)
1740737386.784643 sending message 112 to peer 0x110008000 (12 bytes)
1740737386.784647 sending message 112 to peer 0x110008000 (12 bytes)
1740737386.784651 sending message 112 to peer 0x110008000 (11 bytes)
1740737386.784654 sending message 112 to peer 0x110008000 (11 bytes)
1740737386.784658 sending message 112 to peer 0x110008000 (12 bytes)
1740737386.784661 sending message 112 to peer 0x110008000 (12 bytes)
1740737386.784665 sending message 112 to peer 0x110008000 (12 bytes)
1740737386.784669 sending message 112 to peer 0x110008000 (12 bytes)
1740737386.784672 sending message 112 to peer 0x110008000 (12 bytes)
1740737386.784676 sending message 112 to peer 0x110008000 (10 bytes)
1740737386.784679 sending message 112 to peer 0x110008000 (12 bytes)
1740737386.784683 sending message 112 to peer 0x110008000 (13 bytes)
1740737386.784686 sending message 112 to peer 0x110008000 (13 bytes)
1740737386.784690 sending message 112 to peer 0x110008000 (13 bytes)
1740737386.784694 sending message 112 to peer 0x110008000 (13 bytes)
1740737386.784697 sending message 112 to peer 0x110008000 (13 bytes)
1740737386.784701 sending message 112 to peer 0x110008000 (8 bytes)
1740737386.784704 sending message 112 to peer 0x110008000 (11 bytes)
1740737386.784708 sending message 112 to peer 0x110008000 (11 bytes)
1740737386.784712 sending message 112 to peer 0x110008000 (11 bytes)
1740737386.784715 sending message 112 to peer 0x110008000 (12 bytes)
1740737386.784719 sending message 112 to peer 0x110008000 (12 bytes)
1740737386.784722 sending message 112 to peer 0x110008000 (12 bytes)
1740737386.784726 sending message 112 to peer 0x110008000 (12 bytes)
1740737386.784729 sending message 112 to peer 0x110008000 (13 bytes)
1740737386.784733 sending message 112 to peer 0x110008000 (13 bytes)
1740737386.784736 sending message 112 to peer 0x110008000 (13 bytes)
1740737386.784740 sending message 112 to peer 0x110008000 (8 bytes)
1740737386.784744 sending message 112 to peer 0x110008000 (13 bytes)
1740737386.784747 sending message 112 to peer 0x110008000 (13 bytes)
1740737386.784751 sending message 112 to peer 0x110008000 (13 bytes)
1740737386.784754 sending message 112 to peer 0x110008000 (13 bytes)
1740737386.784758 sending message 112 to peer 0x110008000 (13 bytes)
1740737386.784761 sending message 112 to peer 0x110008000 (12 bytes)
1740737386.784765 sending message 112 to peer 0x110008000 (12 bytes)
1740737386.784769 sending message 112 to peer 0x110008000 (12 bytes)
1740737386.784772 sending message 112 to peer 0x110008000 (12 bytes)
1740737386.784776 sending message 112 to peer 0x110008000 (13 bytes)
1740737386.784779 sending message 112 to peer 0x110008000 (8 bytes)
1740737386.784783 sending message 112 to peer 0x110008000 (13 bytes)
1740737386.784786 sending message 112 to peer 0x110008000 (13 bytes)
1740737386.784790 sending message 112 to peer 0x110008000 (13 bytes)
1740737386.784793 sending message 112 to peer 0x110008000 (13 bytes)
1740737386.784797 sending message 112 to peer 0x110008000 (13 bytes)
1740737386.784801 sending message 112 to peer 0x110008000 (13 bytes)
1740737386.784804 sending message 112 to peer 0x110008000 (13 bytes)
1740737386.784808 sending message 112 to peer 0x110008000 (12 bytes)
1740737386.784811 sending message 112 to peer 0x110008000 (12 bytes)
1740737386.784815 sending message 112 to peer 0x110008000 (12 bytes)
1740737386.784818 sending message 112 to peer 0x110008000 (8 bytes)
1740737386.784822 sending message 112 to peer 0x110008000 (12 bytes)
1740737386.784825 sending message 112 to peer 0x110008000 (13 bytes)
1740737386.784829 sending message 112 to peer 0x110008000 (13 bytes)
1740737386.784832 sending message 112 to peer 0x110008000 (13 bytes)
1740737386.784836 sending message 112 to peer 0x110008000 (13 bytes)
1740737386.784849 sending message 112 to peer 0x110008000 (13 bytes)
1740737386.784853 sending message 112 to peer 0x110008000 (13 bytes)
1740737386.784856 sending message 112 to peer 0x110008000 (13 bytes)
1740737386.784860 sending message 112 to peer 0x110008000 (13 bytes)
1740737386.784864 sending message 112 to peer 0x110008000 (12 bytes)
1740737386.784867 sending message 112 to peer 0x110008000 (10 bytes)
1740737386.784871 sending message 112 to peer 0x110008000 (12 bytes)
1740737386.784874 sending message 112 to peer 0x110008000 (12 bytes)
1740737386.784878 sending message 112 to peer 0x110008000 (12 bytes)
1740737386.784881 sending message 112 to peer 0x110008000 (13 bytes)
1740737386.784885 sending message 112 to peer 0x110008000 (13 bytes)
1740737386.784889 sending message 112 to peer 0x110008000 (13 bytes)
1740737386.784892 sending message 112 to peer 0x110008000 (13 bytes)
1740737386.784896 sending message 112 to peer 0x110008000 (13 bytes)
1740737386.784899 sending message 112 to peer 0x110008000 (13 bytes)
1740737386.784903 sending message 112 to peer 0x110008000 (13 bytes)
1740737386.784906 sending message 112 to peer 0x110008000 (10 bytes)
1740737386.784910 sending message 112 to peer 0x110008000 (13 bytes)
1740737386.784913 sending message 112 to peer 0x110008000 (12 bytes)
1740737386.784917 sending message 112 to peer 0x110008000 (12 bytes)
1740737386.784920 sending message 112 to peer 0x110008000 (12 bytes)
1740737386.784924 sending message 112 to peer 0x110008000 (10 bytes)
1740737386.784927 sending message 112 to peer 0x110008000 (10 bytes)
1740737386.784931 sending message 112 to peer 0x110008000 (10 bytes)
1740737386.784935 sending message 112 to peer 0x110008000 (12 bytes)
1740737386.784938 sending message 112 to peer 0x110008000 (13 bytes)
1740737386.784942 sending message 112 to peer 0x110008000 (13 bytes)
1740737386.784945 sending message 112 to peer 0x110008000 (13 bytes)
1740737386.784949 sending message 112 to peer 0x110008000 (13 bytes)
1740737386.784952 sending message 112 to peer 0x110008000 (13 bytes)
1740737386.784956 sending message 112 to peer 0x110008000 (11 bytes)
1740737386.784959 sending message 112 to peer 0x110008000 (11 bytes)
1740737386.784963 sending message 112 to peer 0x110008000 (12 bytes)
1740737386.784966 sending message 112 to peer 0x110008000 (12 bytes)
1740737386.784970 sending message 112 to peer 0x110008000 (12 bytes)
1740737386.784974 sending message 112 to peer 0x110008000 (12 bytes)
1740737386.784978 sending message 112 to peer 0x110008000 (12 bytes)
1740737386.784982 sending message 112 to peer 0x110008000 (11 bytes)
1740737386.784985 sending message 112 to peer 0x110008000 (12 bytes)
1740737386.784989 sending message 112 to peer 0x110008000 (12 bytes)
1740737386.784992 sending message 112 to peer 0x110008000 (13 bytes)
1740737386.784997 sending message 112 to peer 0x110008000 (13 bytes)
1740737386.785000 sending message 112 to peer 0x110008000 (13 bytes)
1740737386.785004 sending message 112 to peer 0x110008000 (13 bytes)
1740737386.785008 sending message 112 to peer 0x110008000 (13 bytes)
1740737386.785011 sending message 112 to peer 0x110008000 (10 bytes)
1740737386.785015 sending message 112 to peer 0x110008000 (9 bytes)
1740737386.785018 sending message 112 to peer 0x110008000 (12 bytes)
1740737386.785022 sending message 112 to peer 0x110008000 (13 bytes)
1740737386.785025 sending message 112 to peer 0x110008000 (13 bytes)
1740737386.785029 sending message 112 to peer 0x110008000 (13 bytes)
1740737386.785033 sending message 112 to peer 0x110008000 (13 bytes)
1740737386.785036 sending message 112 to peer 0x110008000 (13 bytes)
1740737386.785040 sending message 112 to peer 0x110008000 (9 bytes)
1740737386.785044 sending message 112 to peer 0x110008000 (12 bytes)
1740737386.785047 sending message 112 to peer 0x110008000 (13 bytes)
1740737386.785051 sending message 112 to peer 0x110008000 (13 bytes)
1740737386.785054 sending message 112 to peer 0x110008000 (13 bytes)
1740737386.785058 sending message 112 to peer 0x110008000 (13 bytes)
1740737386.785068 sending message 112 to peer 0x110008000 (13 bytes)
1740737386.785072 sending message 112 to peer 0x110008000 (11 bytes)
1740737386.785076 sending message 112 to peer 0x110008000 (12 bytes)
1740737386.785079 sending message 112 to peer 0x110008000 (13 bytes)
1740737386.785083 sending message 112 to peer 0x110008000 (13 bytes)
1740737386.785087 sending message 112 to peer 0x110008000 (13 bytes)
1740737386.785090 sending message 112 to peer 0x110008000 (13 bytes)
1740737386.785094 sending message 112 to peer 0x110008000 (13 bytes)
1740737386.785097 sending message 112 to peer 0x110008000 (11 bytes)
1740737386.785101 sending message 112 to peer 0x110008000 (12 bytes)
1740737386.785104 sending message 112 to peer 0x110008000 (12 bytes)
1740737386.785108 sending message 112 to peer 0x110008000 (12 bytes)
1740737386.785111 sending message 112 to peer 0x110008000 (12 bytes)
1740737386.785115 sending message 112 to peer 0x110008000 (12 bytes)
1740737386.785119 sending message 112 to peer 0x110008000 (21 bytes)
1740737386.785122 sending message 112 to peer 0x110008000 (12 bytes)
1740737386.785126 sending message 112 to peer 0x110008000 (9 bytes)
1740737386.785129 sending message 112 to peer 0x110008000 (6 bytes)
1740737386.785133 sending message 112 to peer 0x110008000 (13 bytes)
1740737386.785136 sending message 112 to peer 0x110008000 (8 bytes)
1740737386.785140 sending message 112 to peer 0x110008000 (15 bytes)
1740737386.785144 sending message 112 to peer 0x110008000 (13 bytes)
1740737386.785147 sending message 112 to peer 0x110008000 (9 bytes)
1740737386.785151 sending message 112 to peer 0x110008000 (70 bytes)
1740737386.785154 sending message 112 to peer 0x110008000 (69 bytes)
1740737386.785158 sending message 112 to peer 0x110008000 (10 bytes)
1740737386.785162 sending message 112 to peer 0x110008000 (10 bytes)
1740737386.785165 sending message 112 to peer 0x110008000 (8 bytes)
1740737386.785169 sending message 112 to peer 0x110008000 (15 bytes)
1740737386.785172 sending message 112 to peer 0x110008000 (13 bytes)
1740737386.785176 sending message 112 to peer 0x110008000 (10 bytes)
1740737386.785179 sending message 112 to peer 0x110008000 (10 bytes)
1740737386.785183 sending message 112 to peer 0x110008000 (17 bytes)
1740737386.785187 sending message 112 to peer 0x110008000 (10 bytes)
1740737386.785190 sending message 112 to peer 0x110008000 (13 bytes)
1740737386.785194 sending message 112 to peer 0x110008000 (9 bytes)
1740737386.785197 sending message 112 to peer 0x110008000 (5 bytes)
1740737386.785201 sending message 112 to peer 0x110008000 (15 bytes)
1740737386.785206 sending message 104 to peer 0x110008000 (0 bytes)
1740737386.785210 sending message 110 to peer 0x110008000 (0 bytes)
1740737386.785214 sending message 107 to peer 0x110008000 (4 bytes)
1740737386.785218 sending message 105 to peer 0x110008000 (20 bytes)
1740737386.785221 sending message 105 to peer 0x110008000 (22 bytes)
1740737386.785225 sending message 105 to peer 0x110008000 (27 bytes)
1740737386.785228 sending message 105 to peer 0x110008000 (57 bytes)
1740737386.785232 sending message 105 to peer 0x110008000 (75 bytes)
1740737386.785236 sending message 105 to peer 0x110008000 (36 bytes)
1740737386.785239 sending message 105 to peer 0x110008000 (21 bytes)
1740737386.785243 sending message 105 to peer 0x110008000 (37 bytes)
1740737386.785246 sending message 105 to peer 0x110008000 (30 bytes)
1740737386.785250 sending message 105 to peer 0x110008000 (34 bytes)
1740737386.785254 sending message 105 to peer 0x110008000 (60 bytes)
1740737386.785257 sending message 105 to peer 0x110008000 (17 bytes)
1740737386.785261 sending message 105 to peer 0x110008000 (8 bytes)
1740737386.785264 sending message 105 to peer 0x110008000 (17 bytes)
1740737386.785268 sending message 105 to peer 0x110008000 (32 bytes)
1740737386.785272 sending message 105 to peer 0x110008000 (96 bytes)
1740737386.785276 sending message 105 to peer 0x110008000 (214 bytes)
1740737386.785279 sending message 105 to peer 0x110008000 (56 bytes)
1740737386.785292 sending message 105 to peer 0x110008000 (16 bytes)
1740737386.785296 sending message 105 to peer 0x110008000 (29 bytes)
1740737386.785300 sending message 105 to peer 0x110008000 (65 bytes)
1740737386.785304 sending message 105 to peer 0x110008000 (32 bytes)
1740737386.785307 sending message 105 to peer 0x110008000 (12 bytes)
1740737386.785311 sending message 105 to peer 0x110008000 (11 bytes)
1740737386.785315 sending message 105 to peer 0x110008000 (653 bytes)
1740737386.785319 sending message 105 to peer 0x110008000 (39 bytes)
1740737386.785323 sending message 105 to peer 0x110008000 (29 bytes)
1740737386.785326 sending message 105 to peer 0x110008000 (15 bytes)
1740737386.785330 sending message 105 to peer 0x110008000 (8 bytes)
1740737386.785333 sending message 105 to peer 0x110008000 (66 bytes)
1740737386.785337 sending message 105 to peer 0x110008000 (19 bytes)
1740737386.785341 sending message 105 to peer 0x110008000 (63 bytes)
1740737386.785344 sending message 105 to peer 0x110008000 (18 bytes)
1740737386.785348 sending message 105 to peer 0x110008000 (26 bytes)
1740737386.785351 sending message 105 to peer 0x110008000 (57 bytes)
1740737386.785355 sending message 105 to peer 0x110008000 (42 bytes)
1740737386.785359 sending message 105 to peer 0x110008000 (13 bytes)
1740737386.785362 sending message 105 to peer 0x110008000 (56 bytes)
1740737386.785369 sending message 105 to peer 0x110008000 (14 bytes)
1740737386.785374 sending message 105 to peer 0x110008000 (98 bytes)
1740737386.785378 sending message 105 to peer 0x110008000 (14 bytes)
1740737386.785381 sending message 105 to peer 0x110008000 (19 bytes)
1740737386.785385 sending message 105 to peer 0x110008000 (31 bytes)
1740737386.785388 sending message 105 to peer 0x110008000 (26 bytes)
1740737386.785392 sending message 105 to peer 0x110008000 (22 bytes)
1740737386.785396 sending message 105 to peer 0x110008000 (43 bytes)
1740737386.785400 sending message 105 to peer 0x110008000 (32 bytes)
1740737386.785403 sending message 105 to peer 0x110008000 (10 bytes)
1740737386.785407 sending message 105 to peer 0x110008000 (25 bytes)
1740737386.785410 sending message 106 to peer 0x110008000 (0 bytes)
1740737386.785483 sending message 200 to peer 0x110008000 (4 bytes)
1740737386.785489 client loop enter
1740737386.785761 peer 0x110008000 message 303
1740737386.785780 open write file 2 -
1740737386.785804 sending message 305 to peer 0x110008000 (8 bytes)
1740737386.785819 write check file 2
1740737386.785845 peer 0x110008000 message 304
1740737386.785850 write 58 to file 2
1740737386.785860 peer 0x110008000 message 203
1740737386.785868 file 2 58 bytes left
1740737386.785878 write check file 2
1740737386.785882 client loop exit
