1738558882.987717 client started (25230): version 3.5a, socket /private/tmp/tmux-501/default, protocol 8
1738558882.987787 on Darwin 24.1.0 Darwin Kernel Version 24.1.0: Thu Nov 14 18:19:02 PST 2024; root:xnu-11215.41.3~13/RELEASE_ARM64_T8132
1738558882.987803 using libevent 2.1.12-stable select
1738558882.988203 using utf8proc 2.9.0
1738558882.988229 using ncurses 6.5 20240427
1738558882.988272 flags are 0x10010000
1738558882.988285 socket is /private/tmp/tmux-501/default
1738558882.988306 trying connect
1738558882.988377 add peer 0x130008000: 6 (0x0)
1738558882.993410 sending message 111 to peer 0x130008000 (8 bytes)
1738558882.993438 sending message 111 to peer 0x130008000 (8 bytes)
1738558882.993447 sending message 101 to peer 0x130008000 (14 bytes)
1738558882.993453 sending message 109 to peer 0x130008000 (4 bytes)
1738558882.993458 sending message 102 to peer 0x130008000 (13 bytes)
1738558882.993464 sending message 108 to peer 0x130008000 (25 bytes)
1738558882.993469 sending message 112 to peer 0x130008000 (70 bytes)
1738558882.993480 sending message 112 to peer 0x130008000 (5 bytes)
1738558882.993486 sending message 112 to peer 0x130008000 (5 bytes)
1738558882.993491 sending message 112 to peer 0x130008000 (6 bytes)
1738558882.993495 sending message 112 to peer 0x130008000 (6 bytes)
1738558882.993500 sending message 112 to peer 0x130008000 (11 bytes)
1738558882.993505 sending message 112 to peer 0x130008000 (10 bytes)
1738558882.993509 sending message 112 to peer 0x130008000 (13 bytes)
1738558882.993514 sending message 112 to peer 0x130008000 (13 bytes)
1738558882.993518 sending message 112 to peer 0x130008000 (18 bytes)
1738558882.993523 sending message 112 to peer 0x130008000 (11 bytes)
1738558882.993527 sending message 112 to peer 0x130008000 (10 bytes)
1738558882.993531 sending message 112 to peer 0x130008000 (15 bytes)
1738558882.993536 sending message 112 to peer 0x130008000 (21 bytes)
1738558882.993540 sending message 112 to peer 0x130008000 (13 bytes)
1738558882.993545 sending message 112 to peer 0x130008000 (7 bytes)
1738558882.993549 sending message 112 to peer 0x130008000 (13 bytes)
1738558882.993561 sending message 112 to peer 0x130008000 (7 bytes)
1738558882.993566 sending message 112 to peer 0x130008000 (13 bytes)
1738558882.993570 sending message 112 to peer 0x130008000 (9 bytes)
1738558882.993574 sending message 112 to peer 0x130008000 (21 bytes)
1738558882.993579 sending message 112 to peer 0x130008000 (13 bytes)
1738558882.993583 sending message 112 to peer 0x130008000 (8 bytes)
1738558882.993587 sending message 112 to peer 0x130008000 (12 bytes)
1738558882.993591 sending message 112 to peer 0x130008000 (13 bytes)
1738558882.993596 sending message 112 to peer 0x130008000 (9 bytes)
1738558882.993600 sending message 112 to peer 0x130008000 (9 bytes)
1738558882.993604 sending message 112 to peer 0x130008000 (12 bytes)
1738558882.993609 sending message 112 to peer 0x130008000 (8 bytes)
1738558882.993613 sending message 112 to peer 0x130008000 (8 bytes)
1738558882.993617 sending message 112 to peer 0x130008000 (7 bytes)
1738558882.993621 sending message 112 to peer 0x130008000 (7 bytes)
1738558882.993626 sending message 112 to peer 0x130008000 (9 bytes)
1738558882.993630 sending message 112 to peer 0x130008000 (13 bytes)
1738558882.993634 sending message 112 to peer 0x130008000 (6 bytes)
1738558882.993639 sending message 112 to peer 0x130008000 (9 bytes)
1738558882.993643 sending message 112 to peer 0x130008000 (15 bytes)
1738558882.993647 sending message 112 to peer 0x130008000 (13 bytes)
1738558882.993652 sending message 112 to peer 0x130008000 (12 bytes)
1738558882.993656 sending message 112 to peer 0x130008000 (8 bytes)
1738558882.993660 sending message 112 to peer 0x130008000 (14 bytes)
1738558882.993665 sending message 112 to peer 0x130008000 (11 bytes)
1738558882.993669 sending message 112 to peer 0x130008000 (9 bytes)
1738558882.993673 sending message 112 to peer 0x130008000 (10 bytes)
1738558882.993677 sending message 112 to peer 0x130008000 (10 bytes)
1738558882.993681 sending message 112 to peer 0x130008000 (10 bytes)
1738558882.993696 sending message 112 to peer 0x130008000 (10 bytes)
1738558882.993700 sending message 112 to peer 0x130008000 (11 bytes)
1738558882.993703 sending message 112 to peer 0x130008000 (12 bytes)
1738558882.993706 sending message 112 to peer 0x130008000 (12 bytes)
1738558882.993709 sending message 112 to peer 0x130008000 (12 bytes)
1738558882.993712 sending message 112 to peer 0x130008000 (12 bytes)
1738558882.993715 sending message 112 to peer 0x130008000 (12 bytes)
1738558882.993718 sending message 112 to peer 0x130008000 (11 bytes)
1738558882.993721 sending message 112 to peer 0x130008000 (11 bytes)
1738558882.993724 sending message 112 to peer 0x130008000 (12 bytes)
1738558882.993727 sending message 112 to peer 0x130008000 (12 bytes)
1738558882.993730 sending message 112 to peer 0x130008000 (12 bytes)
1738558882.993733 sending message 112 to peer 0x130008000 (12 bytes)
1738558882.993736 sending message 112 to peer 0x130008000 (12 bytes)
1738558882.993739 sending message 112 to peer 0x130008000 (10 bytes)
1738558882.993742 sending message 112 to peer 0x130008000 (12 bytes)
1738558882.993744 sending message 112 to peer 0x130008000 (13 bytes)
1738558882.993747 sending message 112 to peer 0x130008000 (13 bytes)
1738558882.993750 sending message 112 to peer 0x130008000 (13 bytes)
1738558882.993753 sending message 112 to peer 0x130008000 (13 bytes)
1738558882.993756 sending message 112 to peer 0x130008000 (13 bytes)
1738558882.993759 sending message 112 to peer 0x130008000 (8 bytes)
1738558882.993762 sending message 112 to peer 0x130008000 (11 bytes)
1738558882.993765 sending message 112 to peer 0x130008000 (11 bytes)
1738558882.993768 sending message 112 to peer 0x130008000 (11 bytes)
1738558882.993771 sending message 112 to peer 0x130008000 (12 bytes)
1738558882.993774 sending message 112 to peer 0x130008000 (12 bytes)
1738558882.993776 sending message 112 to peer 0x130008000 (12 bytes)
1738558882.993779 sending message 112 to peer 0x130008000 (12 bytes)
1738558882.993782 sending message 112 to peer 0x130008000 (13 bytes)
1738558882.993785 sending message 112 to peer 0x130008000 (13 bytes)
1738558882.993788 sending message 112 to peer 0x130008000 (13 bytes)
1738558882.993791 sending message 112 to peer 0x130008000 (8 bytes)
1738558882.993794 sending message 112 to peer 0x130008000 (13 bytes)
1738558882.993797 sending message 112 to peer 0x130008000 (13 bytes)
1738558882.993800 sending message 112 to peer 0x130008000 (13 bytes)
1738558882.993802 sending message 112 to peer 0x130008000 (13 bytes)
1738558882.993805 sending message 112 to peer 0x130008000 (13 bytes)
1738558882.993808 sending message 112 to peer 0x130008000 (12 bytes)
1738558882.993811 sending message 112 to peer 0x130008000 (12 bytes)
1738558882.993814 sending message 112 to peer 0x130008000 (12 bytes)
1738558882.993817 sending message 112 to peer 0x130008000 (12 bytes)
1738558882.993820 sending message 112 to peer 0x130008000 (13 bytes)
1738558882.993823 sending message 112 to peer 0x130008000 (8 bytes)
1738558882.993826 sending message 112 to peer 0x130008000 (13 bytes)
1738558882.993828 sending message 112 to peer 0x130008000 (13 bytes)
1738558882.993831 sending message 112 to peer 0x130008000 (13 bytes)
1738558882.993834 sending message 112 to peer 0x130008000 (13 bytes)
1738558882.993837 sending message 112 to peer 0x130008000 (13 bytes)
1738558882.993840 sending message 112 to peer 0x130008000 (13 bytes)
1738558882.993843 sending message 112 to peer 0x130008000 (13 bytes)
1738558882.993846 sending message 112 to peer 0x130008000 (12 bytes)
1738558882.993849 sending message 112 to peer 0x130008000 (12 bytes)
1738558882.993852 sending message 112 to peer 0x130008000 (12 bytes)
1738558882.993854 sending message 112 to peer 0x130008000 (8 bytes)
1738558882.993857 sending message 112 to peer 0x130008000 (12 bytes)
1738558882.993860 sending message 112 to peer 0x130008000 (13 bytes)
1738558882.993863 sending message 112 to peer 0x130008000 (13 bytes)
1738558882.993866 sending message 112 to peer 0x130008000 (13 bytes)
1738558882.993869 sending message 112 to peer 0x130008000 (13 bytes)
1738558882.993885 sending message 112 to peer 0x130008000 (13 bytes)
1738558882.993888 sending message 112 to peer 0x130008000 (13 bytes)
1738558882.993891 sending message 112 to peer 0x130008000 (13 bytes)
1738558882.993894 sending message 112 to peer 0x130008000 (13 bytes)
1738558882.993897 sending message 112 to peer 0x130008000 (12 bytes)
1738558882.993900 sending message 112 to peer 0x130008000 (10 bytes)
1738558882.993903 sending message 112 to peer 0x130008000 (12 bytes)
1738558882.993906 sending message 112 to peer 0x130008000 (12 bytes)
1738558882.993909 sending message 112 to peer 0x130008000 (12 bytes)
1738558882.993911 sending message 112 to peer 0x130008000 (13 bytes)
1738558882.993914 sending message 112 to peer 0x130008000 (13 bytes)
1738558882.993917 sending message 112 to peer 0x130008000 (13 bytes)
1738558882.993920 sending message 112 to peer 0x130008000 (13 bytes)
1738558882.993923 sending message 112 to peer 0x130008000 (13 bytes)
1738558882.993926 sending message 112 to peer 0x130008000 (13 bytes)
1738558882.993929 sending message 112 to peer 0x130008000 (13 bytes)
1738558882.993932 sending message 112 to peer 0x130008000 (10 bytes)
1738558882.993934 sending message 112 to peer 0x130008000 (13 bytes)
1738558882.993937 sending message 112 to peer 0x130008000 (12 bytes)
1738558882.993940 sending message 112 to peer 0x130008000 (12 bytes)
1738558882.993943 sending message 112 to peer 0x130008000 (12 bytes)
1738558882.993946 sending message 112 to peer 0x130008000 (10 bytes)
1738558882.993949 sending message 112 to peer 0x130008000 (10 bytes)
1738558882.993952 sending message 112 to peer 0x130008000 (10 bytes)
1738558882.993955 sending message 112 to peer 0x130008000 (12 bytes)
1738558882.993958 sending message 112 to peer 0x130008000 (13 bytes)
1738558882.993960 sending message 112 to peer 0x130008000 (13 bytes)
1738558882.993963 sending message 112 to peer 0x130008000 (13 bytes)
1738558882.993966 sending message 112 to peer 0x130008000 (13 bytes)
1738558882.993969 sending message 112 to peer 0x130008000 (13 bytes)
1738558882.993972 sending message 112 to peer 0x130008000 (11 bytes)
1738558882.993975 sending message 112 to peer 0x130008000 (11 bytes)
1738558882.993978 sending message 112 to peer 0x130008000 (12 bytes)
1738558882.993980 sending message 112 to peer 0x130008000 (12 bytes)
1738558882.993983 sending message 112 to peer 0x130008000 (12 bytes)
1738558882.993986 sending message 112 to peer 0x130008000 (12 bytes)
1738558882.993989 sending message 112 to peer 0x130008000 (12 bytes)
1738558882.993992 sending message 112 to peer 0x130008000 (11 bytes)
1738558882.993996 sending message 112 to peer 0x130008000 (12 bytes)
1738558882.993999 sending message 112 to peer 0x130008000 (12 bytes)
1738558882.994003 sending message 112 to peer 0x130008000 (13 bytes)
1738558882.994007 sending message 112 to peer 0x130008000 (13 bytes)
1738558882.994010 sending message 112 to peer 0x130008000 (13 bytes)
1738558882.994013 sending message 112 to peer 0x130008000 (13 bytes)
1738558882.994016 sending message 112 to peer 0x130008000 (13 bytes)
1738558882.994019 sending message 112 to peer 0x130008000 (10 bytes)
1738558882.994021 sending message 112 to peer 0x130008000 (9 bytes)
1738558882.994024 sending message 112 to peer 0x130008000 (12 bytes)
1738558882.994027 sending message 112 to peer 0x130008000 (13 bytes)
1738558882.994030 sending message 112 to peer 0x130008000 (13 bytes)
1738558882.994033 sending message 112 to peer 0x130008000 (13 bytes)
1738558882.994036 sending message 112 to peer 0x130008000 (13 bytes)
1738558882.994039 sending message 112 to peer 0x130008000 (13 bytes)
1738558882.994042 sending message 112 to peer 0x130008000 (9 bytes)
1738558882.994045 sending message 112 to peer 0x130008000 (12 bytes)
1738558882.994047 sending message 112 to peer 0x130008000 (13 bytes)
1738558882.994050 sending message 112 to peer 0x130008000 (13 bytes)
1738558882.994053 sending message 112 to peer 0x130008000 (13 bytes)
1738558882.994056 sending message 112 to peer 0x130008000 (13 bytes)
1738558882.994065 sending message 112 to peer 0x130008000 (13 bytes)
1738558882.994068 sending message 112 to peer 0x130008000 (11 bytes)
1738558882.994072 sending message 112 to peer 0x130008000 (12 bytes)
1738558882.994076 sending message 112 to peer 0x130008000 (13 bytes)
1738558882.994080 sending message 112 to peer 0x130008000 (13 bytes)
1738558882.994085 sending message 112 to peer 0x130008000 (13 bytes)
1738558882.994088 sending message 112 to peer 0x130008000 (13 bytes)
1738558882.994091 sending message 112 to peer 0x130008000 (13 bytes)
1738558882.994093 sending message 112 to peer 0x130008000 (11 bytes)
1738558882.994096 sending message 112 to peer 0x130008000 (12 bytes)
1738558882.994099 sending message 112 to peer 0x130008000 (12 bytes)
1738558882.994102 sending message 112 to peer 0x130008000 (12 bytes)
1738558882.994105 sending message 112 to peer 0x130008000 (12 bytes)
1738558882.994108 sending message 112 to peer 0x130008000 (12 bytes)
1738558882.994111 sending message 112 to peer 0x130008000 (21 bytes)
1738558882.994114 sending message 112 to peer 0x130008000 (12 bytes)
1738558882.994116 sending message 112 to peer 0x130008000 (9 bytes)
1738558882.994119 sending message 112 to peer 0x130008000 (6 bytes)
1738558882.994123 sending message 112 to peer 0x130008000 (13 bytes)
1738558882.994126 sending message 112 to peer 0x130008000 (8 bytes)
1738558882.994129 sending message 112 to peer 0x130008000 (15 bytes)
1738558882.994132 sending message 112 to peer 0x130008000 (13 bytes)
1738558882.994134 sending message 112 to peer 0x130008000 (9 bytes)
1738558882.994138 sending message 112 to peer 0x130008000 (70 bytes)
1738558882.994140 sending message 112 to peer 0x130008000 (69 bytes)
1738558882.994143 sending message 112 to peer 0x130008000 (10 bytes)
1738558882.994146 sending message 112 to peer 0x130008000 (10 bytes)
1738558882.994149 sending message 112 to peer 0x130008000 (8 bytes)
1738558882.994152 sending message 112 to peer 0x130008000 (15 bytes)
1738558882.994155 sending message 112 to peer 0x130008000 (13 bytes)
1738558882.994158 sending message 112 to peer 0x130008000 (10 bytes)
1738558882.994161 sending message 112 to peer 0x130008000 (10 bytes)
1738558882.994164 sending message 112 to peer 0x130008000 (17 bytes)
1738558882.994166 sending message 112 to peer 0x130008000 (10 bytes)
1738558882.994170 sending message 112 to peer 0x130008000 (13 bytes)
1738558882.994173 sending message 112 to peer 0x130008000 (9 bytes)
1738558882.994176 sending message 112 to peer 0x130008000 (5 bytes)
1738558882.994180 sending message 112 to peer 0x130008000 (15 bytes)
1738558882.994185 sending message 104 to peer 0x130008000 (0 bytes)
1738558882.994188 sending message 110 to peer 0x130008000 (0 bytes)
1738558882.994191 sending message 107 to peer 0x130008000 (4 bytes)
1738558882.994194 sending message 105 to peer 0x130008000 (20 bytes)
1738558882.994197 sending message 105 to peer 0x130008000 (22 bytes)
1738558882.994200 sending message 105 to peer 0x130008000 (27 bytes)
1738558882.994203 sending message 105 to peer 0x130008000 (57 bytes)
1738558882.994206 sending message 105 to peer 0x130008000 (75 bytes)
1738558882.994209 sending message 105 to peer 0x130008000 (36 bytes)
1738558882.994212 sending message 105 to peer 0x130008000 (21 bytes)
1738558882.994215 sending message 105 to peer 0x130008000 (37 bytes)
1738558882.994218 sending message 105 to peer 0x130008000 (30 bytes)
1738558882.994221 sending message 105 to peer 0x130008000 (34 bytes)
1738558882.994224 sending message 105 to peer 0x130008000 (60 bytes)
1738558882.994227 sending message 105 to peer 0x130008000 (17 bytes)
1738558882.994230 sending message 105 to peer 0x130008000 (8 bytes)
1738558882.994233 sending message 105 to peer 0x130008000 (17 bytes)
1738558882.994236 sending message 105 to peer 0x130008000 (32 bytes)
1738558882.994239 sending message 105 to peer 0x130008000 (96 bytes)
1738558882.994242 sending message 105 to peer 0x130008000 (214 bytes)
1738558882.994245 sending message 105 to peer 0x130008000 (56 bytes)
1738558882.994257 sending message 105 to peer 0x130008000 (16 bytes)
1738558882.994262 sending message 105 to peer 0x130008000 (29 bytes)
1738558882.994266 sending message 105 to peer 0x130008000 (65 bytes)
1738558882.994269 sending message 105 to peer 0x130008000 (32 bytes)
1738558882.994272 sending message 105 to peer 0x130008000 (12 bytes)
1738558882.994275 sending message 105 to peer 0x130008000 (11 bytes)
1738558882.994278 sending message 105 to peer 0x130008000 (543 bytes)
1738558882.994281 sending message 105 to peer 0x130008000 (39 bytes)
1738558882.994284 sending message 105 to peer 0x130008000 (29 bytes)
1738558882.994287 sending message 105 to peer 0x130008000 (15 bytes)
1738558882.994290 sending message 105 to peer 0x130008000 (8 bytes)
1738558882.994293 sending message 105 to peer 0x130008000 (66 bytes)
1738558882.994296 sending message 105 to peer 0x130008000 (19 bytes)
1738558882.994299 sending message 105 to peer 0x130008000 (63 bytes)
1738558882.994302 sending message 105 to peer 0x130008000 (18 bytes)
1738558882.994305 sending message 105 to peer 0x130008000 (26 bytes)
1738558882.994308 sending message 105 to peer 0x130008000 (57 bytes)
1738558882.994311 sending message 105 to peer 0x130008000 (42 bytes)
1738558882.994314 sending message 105 to peer 0x130008000 (14 bytes)
1738558882.994317 sending message 105 to peer 0x130008000 (56 bytes)
1738558882.994320 sending message 105 to peer 0x130008000 (14 bytes)
1738558882.994326 sending message 105 to peer 0x130008000 (98 bytes)
1738558882.994330 sending message 105 to peer 0x130008000 (14 bytes)
1738558882.994334 sending message 105 to peer 0x130008000 (19 bytes)
1738558882.994337 sending message 105 to peer 0x130008000 (31 bytes)
1738558882.994341 sending message 105 to peer 0x130008000 (26 bytes)
1738558882.994345 sending message 105 to peer 0x130008000 (22 bytes)
1738558882.994348 sending message 105 to peer 0x130008000 (43 bytes)
1738558882.994351 sending message 105 to peer 0x130008000 (32 bytes)
1738558882.994354 sending message 105 to peer 0x130008000 (10 bytes)
1738558882.994357 sending message 105 to peer 0x130008000 (25 bytes)
1738558882.994360 sending message 106 to peer 0x130008000 (0 bytes)
1738558882.994416 sending message 200 to peer 0x130008000 (4 bytes)
1738558882.994423 client loop enter
1738558882.994770 peer 0x130008000 message 303
1738558882.994781 open write file 2 -
1738558882.994790 sending message 305 to peer 0x130008000 (8 bytes)
1738558882.994802 write check file 2
1738558882.994846 peer 0x130008000 message 304
1738558882.994851 write 58 to file 2
1738558882.994855 peer 0x130008000 message 203
1738558882.994858 file 2 58 bytes left
1738558882.994870 write check file 2
1738558882.994874 client loop exit
